<testsuites name="results">
  <testsuite name="all" package="all">
    <property name="random_seed" value="1747748607" />
    <testcase name="dut_test" classname="dut_test" file="/home/karthik/Projects/dyum_intern/setup-HaIIucination/tests/dut_test.py" lineno="5" time="0.0008573532104492188" sim_time_ns="4.001" ratio_time="4666.688071190211" />
  </testsuite>
</testsuites>
